slurmstepd: error: *** JOB 4902295 ON puma02 CANCELLED AT 2024-08-02T07:38:26 ***
