/sw/ubuntu-22.04/anaconda3/2023.03/bin/python: No module named src.tests.adult_utility_w_queryrewritedefense
